// Jest Snapshot v1, https://goo.gl/fbAQLP

exports[`pdfkitAddPlaceholder adds placeholder to PDFKit document 1`] = `
Array [
  "signature",
  "form",
  "widget",
]
`;

exports[`pdfkitAddPlaceholder allows defining signature SubFilter 1`] = `
Array [
  "signature",
  "form",
  "widget",
]
`;

exports[`pdfkitAddPlaceholder placeholder contains default values for contactInfo, name, location 1`] = `
Array [
  "signature",
  "form",
  "widget",
]
`;

exports[`pdfkitAddPlaceholder placeholder contains reason, contactInfo, name, location 1`] = `
Array [
  "signature",
  "form",
  "widget",
]
`;
